// Jest Snapshot v1, https://goo.gl/fbAQLP

exports[`router should add a route and generate swagger definition 1`] = `
{
  "basePath": "/",
  "definitions": {
    "BadRequestError": {
      "description": "Provided input is invalid",
      "properties": {
        "errors": {
          "items": {
            "example": {
              "detail": "",
              "status": 400,
              "title": "Bad input request",
            },
            "properties": {
              "detail": {
                "example": "Fatal issue",
                "nullable": true,
                "type": "string",
              },
              "status": {
                "example": 500,
                "format": "float",
                "type": "number",
              },
              "title": {
                "example": "Unknown error",
                "type": "string",
              },
            },
            "required": [
              "status",
              "detail",
              "title",
            ],
            "type": "object",
          },
          "type": "array",
        },
      },
      "type": "object",
    },
    "NotFoundError": {
      "description": "Not Found",
      "properties": {
        "errors": {
          "items": {
            "example": {
              "detail": "",
              "status": 404,
              "title": "Not Found",
            },
            "properties": {
              "detail": {
                "example": "Fatal issue",
                "nullable": true,
                "type": "string",
              },
              "status": {
                "example": 500,
                "format": "float",
                "type": "number",
              },
              "title": {
                "example": "Unknown error",
                "type": "string",
              },
            },
            "required": [
              "status",
              "detail",
              "title",
            ],
            "type": "object",
          },
          "type": "array",
        },
      },
      "type": "object",
    },
    "UnauthorizedError": {
      "description": "Authentication information is missing or invalid",
      "properties": {
        "errors": {
          "items": {
            "example": {
              "detail": "",
              "status": 401,
              "title": "Authentication information is missing or invalid",
            },
            "properties": {
              "detail": {
                "example": "Fatal issue",
                "nullable": true,
                "type": "string",
              },
              "status": {
                "example": 500,
                "format": "float",
                "type": "number",
              },
              "title": {
                "example": "Unknown error",
                "type": "string",
              },
            },
            "required": [
              "status",
              "detail",
              "title",
            ],
            "type": "object",
          },
          "type": "array",
        },
      },
      "type": "object",
    },
    "UnknownError": {
      "description": "Unknown error",
      "properties": {
        "errors": {
          "items": {
            "example": {
              "detail": "",
              "status": 500,
              "title": "Unknown error",
            },
            "properties": {
              "detail": {
                "example": "Fatal issue",
                "nullable": true,
                "type": "string",
              },
              "status": {
                "example": 500,
                "format": "float",
                "type": "number",
              },
              "title": {
                "example": "Unknown error",
                "type": "string",
              },
            },
            "required": [
              "status",
              "detail",
              "title",
            ],
            "type": "object",
          },
          "type": "array",
        },
      },
      "type": "object",
    },
    "testResult": {
      "properties": {
        "test": {
          "example": "test",
          "type": "string",
        },
      },
      "type": "object",
    },
  },
  "host": "",
  "info": {
    "contact": {
      "email": "developers@shopbonsai.ca",
    },
    "description": "The API is documented here",
    "title": "Default swagger title",
    "version": "1.0",
  },
  "paths": {
    "/hello": {
      "get": {
        "description": "Hello Swagger",
        "parameters": [],
        "produces": [
          "application/json",
        ],
        "responses": {
          "200": {
            "description": "Success",
            "schema": {
              "$ref": "#/definitions/testResult",
            },
          },
          "400": {
            "description": "400 - Bad request",
            "schema": {
              "$ref": "#/definitions/BadRequestError",
            },
          },
          "401": {
            "description": "401 - Unauthorized",
            "schema": {
              "$ref": "#/definitions/UnauthorizedError",
            },
          },
          "404": {
            "description": "404 - Not found",
            "schema": {
              "$ref": "#/definitions/NotFoundError",
            },
          },
          "5XX": {
            "description": "500 - Unknown error",
            "schema": {
              "$ref": "#/definitions/UnknownError",
            },
          },
        },
        "summary": "Hello Swagger",
        "tags": [
          "Hello Swagger",
        ],
      },
    },
  },
  "schemes": [
    "http",
  ],
  "swagger": "2.0",
}
`;
